// Jest Snapshot v1, https://goo.gl/fbAQLP

exports[`Select renders correctly 1`] = `
<body>
  <div>
    <div
      data-cy="select"
    >
      <div
        class=""
      >
        <div
          class="rippleContainer"
        />
        <i
          class="material-icons"
        >
          language
        </i>
        <div>
          First
        </div>
        <div
          style="transform: rotate(0deg);"
        >
          <i
            class="material-icons"
          >
            expand_more
          </i>
        </div>
      </div>
      <div
        class=""
        style="position: absolute; left: 0px; top: 0px;"
      >
        <div>
          <div>
            <div
              class="undefined"
              data-cy="option"
            >
              <i
                class="material-icons"
              >
                check
              </i>
              <span>
                First
              </span>
            </div>
            <div
              class=""
              data-cy="option"
            >
              <span>
                Second
              </span>
            </div>
            <div
              class=""
              data-cy="option"
            >
              <span>
                Third
              </span>
            </div>
          </div>
          <div />
        </div>
      </div>
    </div>
  </div>
</body>
`;
